C:\Projrcts\They_Are_Here\src\MiniMap.cpp(325,6): error C2653: 'Input': 隴伜挨蟄舌′繧ｯ繝ｩ繧ｹ蜷阪〒繧ょ錐蜑咲ｩｺ髢灘錐縺ｧ繧ゅ≠繧翫∪縺帙ｓ縲・[C:\Projrcts\They_Are_Here\src\TheyAreHere.vcxproj]
C:\Projrcts\They_Are_Here\src\MiniMap.cpp(325,13): error C3861: 'GetKeyPress': 隴伜挨蟄舌′隕九▽縺九ｊ縺ｾ縺帙ｓ縺ｧ縺励◆ [C:\Projrcts\They_Are_Here\src\TheyAreHere.vcxproj]
C:\Projrcts\They_Are_Here\src\MiniMap.cpp(331,15): error C2653: 'Input': 隴伜挨蟄舌′繧ｯ繝ｩ繧ｹ蜷阪〒繧ょ錐蜑咲ｩｺ髢灘錐縺ｧ繧ゅ≠繧翫∪縺帙ｓ縲・[C:\Projrcts\They_Are_Here\src\TheyAreHere.vcxproj]
C:\Projrcts\They_Are_Here\src\MiniMap.cpp(331,22): error C3861: 'GetKeyPress': 隴伜挨蟄舌′隕九▽縺九ｊ縺ｾ縺帙ｓ縺ｧ縺励◆ [C:\Projrcts\They_Are_Here\src\TheyAreHere.vcxproj]
===SUMMARY===
cl : 繧ｳ繝槭Φ繝・繝ｩ繧､繝ｳ  warning D9002: 荳肴・縺ｪ繧ｪ繝励す繝ｧ繝ｳ '/dynamicdeopt' 繧堤┌隕悶＠縺ｾ縺吶・[C:\Projrcts\They_Are_Here\src\TheyAreHere.vcxproj]
cl : 繧ｳ繝槭Φ繝・繝ｩ繧､繝ｳ  warning D9002: 荳肴・縺ｪ繧ｪ繝励す繝ｧ繝ｳ '/dynamicdeopt' 繧堤┌隕悶＠縺ｾ縺吶・[C:\Projrcts\They_Are_Here\src\TheyAreHere.vcxproj]
cl : 繧ｳ繝槭Φ繝・繝ｩ繧､繝ｳ  warning D9002: 荳肴・縺ｪ繧ｪ繝励す繝ｧ繝ｳ '/dynamicdeopt' 繧堤┌隕悶＠縺ｾ縺吶・[C:\Projrcts\They_Are_Here\src\TheyAreHere.vcxproj]
cl : 繧ｳ繝槭Φ繝・繝ｩ繧､繝ｳ  warning D9002: 荳肴・縺ｪ繧ｪ繝励す繝ｧ繝ｳ '/dynamicdeopt' 繧堤┌隕悶＠縺ｾ縺吶・[C:\Projrcts\They_Are_Here\src\TheyAreHere.vcxproj]
cl : 繧ｳ繝槭Φ繝・繝ｩ繧､繝ｳ  warning D9002: 荳肴・縺ｪ繧ｪ繝励す繝ｧ繝ｳ '/dynamicdeopt' 繧堤┌隕悶＠縺ｾ縺吶・[C:\Projrcts\They_Are_Here\src\TheyAreHere.vcxproj]
cl : 繧ｳ繝槭Φ繝・繝ｩ繧､繝ｳ  warning D9002: 荳肴・縺ｪ繧ｪ繝励す繝ｧ繝ｳ '/dynamicdeopt' 繧堤┌隕悶＠縺ｾ縺吶・[C:\Projrcts\They_Are_Here\src\TheyAreHere.vcxproj]
cl : 繧ｳ繝槭Φ繝・繝ｩ繧､繝ｳ  warning D9002: 荳肴・縺ｪ繧ｪ繝励す繝ｧ繝ｳ '/dynamicdeopt' 繧堤┌隕悶＠縺ｾ縺吶・[C:\Projrcts\They_Are_Here\src\TheyAreHere.vcxproj]
cl : 繧ｳ繝槭Φ繝・繝ｩ繧､繝ｳ  warning D9002: 荳肴・縺ｪ繧ｪ繝励す繝ｧ繝ｳ '/dynamicdeopt' 繧堤┌隕悶＠縺ｾ縺吶・[C:\Projrcts\They_Are_Here\src\TheyAreHere.vcxproj]
cl : 繧ｳ繝槭Φ繝・繝ｩ繧､繝ｳ  warning D9002: 荳肴・縺ｪ繧ｪ繝励す繝ｧ繝ｳ '/dynamicdeopt' 繧堤┌隕悶＠縺ｾ縺吶・[C:\Projrcts\They_Are_Here\src\TheyAreHere.vcxproj]
cl : 繧ｳ繝槭Φ繝・繝ｩ繧､繝ｳ  warning D9002: 荳肴・縺ｪ繧ｪ繝励す繝ｧ繝ｳ '/dynamicdeopt' 繧堤┌隕悶＠縺ｾ縺吶・[C:\Projrcts\They_Are_Here\src\TheyAreHere.vcxproj]
cl : 繧ｳ繝槭Φ繝・繝ｩ繧､繝ｳ  warning D9002: 荳肴・縺ｪ繧ｪ繝励す繝ｧ繝ｳ '/dynamicdeopt' 繧堤┌隕悶＠縺ｾ縺吶・[C:\Projrcts\They_Are_Here\src\TheyAreHere.vcxproj]
cl : 繧ｳ繝槭Φ繝・繝ｩ繧､繝ｳ  warning D9002: 荳肴・縺ｪ繧ｪ繝励す繝ｧ繝ｳ '/dynamicdeopt' 繧堤┌隕悶＠縺ｾ縺吶・[C:\Projrcts\They_Are_Here\src\TheyAreHere.vcxproj]
cl : 繧ｳ繝槭Φ繝・繝ｩ繧､繝ｳ  warning D9002: 荳肴・縺ｪ繧ｪ繝励す繝ｧ繝ｳ '/dynamicdeopt' 繧堤┌隕悶＠縺ｾ縺吶・[C:\Projrcts\They_Are_Here\src\TheyAreHere.vcxproj]
cl : 繧ｳ繝槭Φ繝・繝ｩ繧､繝ｳ  warning D9002: 荳肴・縺ｪ繧ｪ繝励す繝ｧ繝ｳ '/dynamicdeopt' 繧堤┌隕悶＠縺ｾ縺吶・[C:\Projrcts\They_Are_Here\src\TheyAreHere.vcxproj]
cl : 繧ｳ繝槭Φ繝・繝ｩ繧､繝ｳ  warning D9002: 荳肴・縺ｪ繧ｪ繝励す繝ｧ繝ｳ '/dynamicdeopt' 繧堤┌隕悶＠縺ｾ縺吶・[C:\Projrcts\They_Are_Here\src\TheyAreHere.vcxproj]
cl : 繧ｳ繝槭Φ繝・繝ｩ繧､繝ｳ  warning D9002: 荳肴・縺ｪ繧ｪ繝励す繝ｧ繝ｳ '/dynamicdeopt' 繧堤┌隕悶＠縺ｾ縺吶・[C:\Projrcts\They_Are_Here\src\TheyAreHere.vcxproj]
cl : 繧ｳ繝槭Φ繝・繝ｩ繧､繝ｳ  warning D9002: 荳肴・縺ｪ繧ｪ繝励す繝ｧ繝ｳ '/dynamicdeopt' 繧堤┌隕悶＠縺ｾ縺吶・[C:\Projrcts\They_Are_Here\src\TheyAreHere.vcxproj]
cl : 繧ｳ繝槭Φ繝・繝ｩ繧､繝ｳ  warning D9002: 荳肴・縺ｪ繧ｪ繝励す繝ｧ繝ｳ '/dynamicdeopt' 繧堤┌隕悶＠縺ｾ縺吶・[C:\Projrcts\They_Are_Here\src\TheyAreHere.vcxproj]
C:\Projrcts\They_Are_Here\src\Camera.cpp(1,1): warning C4819: 繝輔ぃ繧､繝ｫ縺ｯ縲∫樟蝨ｨ縺ｮ繧ｳ繝ｼ繝・繝壹・繧ｸ (932) 縺ｧ陦ｨ遉ｺ縺ｧ縺阪↑縺・枚蟄励ｒ蜷ｫ繧薙〒縺・∪縺吶ゅョ繝ｼ繧ｿ縺ｮ謳榊､ｱ繧帝亟縺舌◆繧√↓縲√ヵ繧｡繧､繝ｫ繧・Unicode 蠖｢蠑上〒菫晏ｭ倥＠縺ｦ縺上□縺輔＞縲・[C:\Projrcts\They_Are_Here\src\TheyAreHere.vcxproj]
C:\Projrcts\They_Are_Here\src\Game.h(1,1): warning C4819: 繝輔ぃ繧､繝ｫ縺ｯ縲∫樟蝨ｨ縺ｮ繧ｳ繝ｼ繝・繝壹・繧ｸ (932) 縺ｧ陦ｨ遉ｺ縺ｧ縺阪↑縺・枚蟄励ｒ蜷ｫ繧薙〒縺・∪縺吶ゅョ繝ｼ繧ｿ縺ｮ謳榊､ｱ繧帝亟縺舌◆繧√↓縲√ヵ繧｡繧､繝ｫ繧・Unicode 蠖｢蠑上〒菫晏ｭ倥＠縺ｦ縺上□縺輔＞縲・[C:\Projrcts\They_Are_Here\src\TheyAreHere.vcxproj]
C:\Projrcts\They_Are_Here\src\SceneManager.h(1,1): warning C4819: 繝輔ぃ繧､繝ｫ縺ｯ縲∫樟蝨ｨ縺ｮ繧ｳ繝ｼ繝・繝壹・繧ｸ (932) 縺ｧ陦ｨ遉ｺ縺ｧ縺阪↑縺・枚蟄励ｒ蜷ｫ繧薙〒縺・∪縺吶ゅョ繝ｼ繧ｿ縺ｮ謳榊､ｱ繧帝亟縺舌◆繧√↓縲√ヵ繧｡繧､繝ｫ繧・Unicode 蠖｢蠑上〒菫晏ｭ倥＠縺ｦ縺上□縺輔＞縲・[C:\Projrcts\They_Are_Here\src\TheyAreHere.vcxproj]
C:\Projrcts\They_Are_Here\src\Game.h(1,1): warning C4819: 繝輔ぃ繧､繝ｫ縺ｯ縲∫樟蝨ｨ縺ｮ繧ｳ繝ｼ繝・繝壹・繧ｸ (932) 縺ｧ陦ｨ遉ｺ縺ｧ縺阪↑縺・枚蟄励ｒ蜷ｫ繧薙〒縺・∪縺吶ゅョ繝ｼ繧ｿ縺ｮ謳榊､ｱ繧帝亟縺舌◆繧√↓縲√ヵ繧｡繧､繝ｫ繧・Unicode 蠖｢蠑上〒菫晏ｭ倥＠縺ｦ縺上□縺輔＞縲・[C:\Projrcts\They_Are_Here\src\TheyAreHere.vcxproj]
C:\Projrcts\They_Are_Here\src\EnemyState_StalkerChase.cpp(1,1): warning C4819: 繝輔ぃ繧､繝ｫ縺ｯ縲∫樟蝨ｨ縺ｮ繧ｳ繝ｼ繝・繝壹・繧ｸ (932) 縺ｧ陦ｨ遉ｺ縺ｧ縺阪↑縺・枚蟄励ｒ蜷ｫ繧薙〒縺・∪縺吶ゅョ繝ｼ繧ｿ縺ｮ謳榊､ｱ繧帝亟縺舌◆繧√↓縲√ヵ繧｡繧､繝ｫ繧・Unicode 蠖｢蠑上〒菫晏ｭ倥＠縺ｦ縺上□縺輔＞縲・[C:\Projrcts\They_Are_Here\src\TheyAreHere.vcxproj]
C:\Projrcts\They_Are_Here\src\Game.h(1,1): warning C4819: 繝輔ぃ繧､繝ｫ縺ｯ縲∫樟蝨ｨ縺ｮ繧ｳ繝ｼ繝・繝壹・繧ｸ (932) 縺ｧ陦ｨ遉ｺ縺ｧ縺阪↑縺・枚蟄励ｒ蜷ｫ繧薙〒縺・∪縺吶ゅョ繝ｼ繧ｿ縺ｮ謳榊､ｱ繧帝亟縺舌◆繧√↓縲√ヵ繧｡繧､繝ｫ繧・Unicode 蠖｢蠑上〒菫晏ｭ倥＠縺ｦ縺上□縺輔＞縲・[C:\Projrcts\They_Are_Here\src\TheyAreHere.vcxproj]
C:\Projrcts\They_Are_Here\src\SceneManager.h(1,1): warning C4819: 繝輔ぃ繧､繝ｫ縺ｯ縲∫樟蝨ｨ縺ｮ繧ｳ繝ｼ繝・繝壹・繧ｸ (932) 縺ｧ陦ｨ遉ｺ縺ｧ縺阪↑縺・枚蟄励ｒ蜷ｫ繧薙〒縺・∪縺吶ゅョ繝ｼ繧ｿ縺ｮ謳榊､ｱ繧帝亟縺舌◆繧√↓縲√ヵ繧｡繧､繝ｫ繧・Unicode 蠖｢蠑上〒菫晏ｭ倥＠縺ｦ縺上□縺輔＞縲・[C:\Projrcts\They_Are_Here\src\TheyAreHere.vcxproj]
C:\Projrcts\They_Are_Here\src\SceneManager.h(1,1): warning C4819: 繝輔ぃ繧､繝ｫ縺ｯ縲∫樟蝨ｨ縺ｮ繧ｳ繝ｼ繝・繝壹・繧ｸ (932) 縺ｧ陦ｨ遉ｺ縺ｧ縺阪↑縺・枚蟄励ｒ蜷ｫ繧薙〒縺・∪縺吶ゅョ繝ｼ繧ｿ縺ｮ謳榊､ｱ繧帝亟縺舌◆繧√↓縲√ヵ繧｡繧､繝ｫ繧・Unicode 蠖｢蠑上〒菫晏ｭ倥＠縺ｦ縺上□縺輔＞縲・[C:\Projrcts\They_Are_Here\src\TheyAreHere.vcxproj]
C:\Projrcts\They_Are_Here\src\Game.cpp(1,1): warning C4819: 繝輔ぃ繧､繝ｫ縺ｯ縲∫樟蝨ｨ縺ｮ繧ｳ繝ｼ繝・繝壹・繧ｸ (932) 縺ｧ陦ｨ遉ｺ縺ｧ縺阪↑縺・枚蟄励ｒ蜷ｫ繧薙〒縺・∪縺吶ゅョ繝ｼ繧ｿ縺ｮ謳榊､ｱ繧帝亟縺舌◆繧√↓縲√ヵ繧｡繧､繝ｫ繧・Unicode 蠖｢蠑上〒菫晏ｭ倥＠縺ｦ縺上□縺輔＞縲・[C:\Projrcts\They_Are_Here\src\TheyAreHere.vcxproj]
C:\Projrcts\They_Are_Here\src\Game.h(1,1): warning C4819: 繝輔ぃ繧､繝ｫ縺ｯ縲∫樟蝨ｨ縺ｮ繧ｳ繝ｼ繝・繝壹・繧ｸ (932) 縺ｧ陦ｨ遉ｺ縺ｧ縺阪↑縺・枚蟄励ｒ蜷ｫ繧薙〒縺・∪縺吶ゅョ繝ｼ繧ｿ縺ｮ謳榊､ｱ繧帝亟縺舌◆繧√↓縲√ヵ繧｡繧､繝ｫ繧・Unicode 蠖｢蠑上〒菫晏ｭ倥＠縺ｦ縺上□縺輔＞縲・[C:\Projrcts\They_Are_Here\src\TheyAreHere.vcxproj]
C:\Projrcts\They_Are_Here\src\SceneManager.h(1,1): warning C4819: 繝輔ぃ繧､繝ｫ縺ｯ縲∫樟蝨ｨ縺ｮ繧ｳ繝ｼ繝・繝壹・繧ｸ (932) 縺ｧ陦ｨ遉ｺ縺ｧ縺阪↑縺・枚蟄励ｒ蜷ｫ繧薙〒縺・∪縺吶ゅョ繝ｼ繧ｿ縺ｮ謳榊､ｱ繧帝亟縺舌◆繧√↓縲√ヵ繧｡繧､繝ｫ繧・Unicode 蠖｢蠑上〒菫晏ｭ倥＠縺ｦ縺上□縺輔＞縲・[C:\Projrcts\They_Are_Here\src\TheyAreHere.vcxproj]
C:\Projrcts\They_Are_Here\src\SceneManager.h(1,1): warning C4819: 繝輔ぃ繧､繝ｫ縺ｯ縲∫樟蝨ｨ縺ｮ繧ｳ繝ｼ繝・繝壹・繧ｸ (932) 縺ｧ陦ｨ遉ｺ縺ｧ縺阪↑縺・枚蟄励ｒ蜷ｫ繧薙〒縺・∪縺吶ゅョ繝ｼ繧ｿ縺ｮ謳榊､ｱ繧帝亟縺舌◆繧√↓縲√ヵ繧｡繧､繝ｫ繧・Unicode 蠖｢蠑上〒菫晏ｭ倥＠縺ｦ縺上□縺輔＞縲・[C:\Projrcts\They_Are_Here\src\TheyAreHere.vcxproj]
C:\Projrcts\They_Are_Here\src\SceneManager.h(1,1): warning C4819: 繝輔ぃ繧､繝ｫ縺ｯ縲∫樟蝨ｨ縺ｮ繧ｳ繝ｼ繝・繝壹・繧ｸ (932) 縺ｧ陦ｨ遉ｺ縺ｧ縺阪↑縺・枚蟄励ｒ蜷ｫ繧薙〒縺・∪縺吶ゅョ繝ｼ繧ｿ縺ｮ謳榊､ｱ繧帝亟縺舌◆繧√↓縲√ヵ繧｡繧､繝ｫ繧・Unicode 蠖｢蠑上〒菫晏ｭ倥＠縺ｦ縺上□縺輔＞縲・[C:\Projrcts\They_Are_Here\src\TheyAreHere.vcxproj]
C:\Projrcts\They_Are_Here\src\SceneManager.h(1,1): warning C4819: 繝輔ぃ繧､繝ｫ縺ｯ縲∫樟蝨ｨ縺ｮ繧ｳ繝ｼ繝・繝壹・繧ｸ (932) 縺ｧ陦ｨ遉ｺ縺ｧ縺阪↑縺・枚蟄励ｒ蜷ｫ繧薙〒縺・∪縺吶ゅョ繝ｼ繧ｿ縺ｮ謳榊､ｱ繧帝亟縺舌◆繧√↓縲√ヵ繧｡繧､繝ｫ繧・Unicode 蠖｢蠑上〒菫晏ｭ倥＠縺ｦ縺上□縺輔＞縲・[C:\Projrcts\They_Are_Here\src\TheyAreHere.vcxproj]
C:\Projrcts\They_Are_Here\src\Game.h(1,1): warning C4819: 繝輔ぃ繧､繝ｫ縺ｯ縲∫樟蝨ｨ縺ｮ繧ｳ繝ｼ繝・繝壹・繧ｸ (932) 縺ｧ陦ｨ遉ｺ縺ｧ縺阪↑縺・枚蟄励ｒ蜷ｫ繧薙〒縺・∪縺吶ゅョ繝ｼ繧ｿ縺ｮ謳榊､ｱ繧帝亟縺舌◆繧√↓縲√ヵ繧｡繧､繝ｫ繧・Unicode 蠖｢蠑上〒菫晏ｭ倥＠縺ｦ縺上□縺輔＞縲・[C:\Projrcts\They_Are_Here\src\TheyAreHere.vcxproj]
C:\Projrcts\They_Are_Here\src\Game.h(1,1): warning C4819: 繝輔ぃ繧､繝ｫ縺ｯ縲∫樟蝨ｨ縺ｮ繧ｳ繝ｼ繝・繝壹・繧ｸ (932) 縺ｧ陦ｨ遉ｺ縺ｧ縺阪↑縺・枚蟄励ｒ蜷ｫ繧薙〒縺・∪縺吶ゅョ繝ｼ繧ｿ縺ｮ謳榊､ｱ繧帝亟縺舌◆繧√↓縲√ヵ繧｡繧､繝ｫ繧・Unicode 蠖｢蠑上〒菫晏ｭ倥＠縺ｦ縺上□縺輔＞縲・[C:\Projrcts\They_Are_Here\src\TheyAreHere.vcxproj]
C:\Projrcts\They_Are_Here\src\SceneManager.h(1,1): warning C4819: 繝輔ぃ繧､繝ｫ縺ｯ縲∫樟蝨ｨ縺ｮ繧ｳ繝ｼ繝・繝壹・繧ｸ (932) 縺ｧ陦ｨ遉ｺ縺ｧ縺阪↑縺・枚蟄励ｒ蜷ｫ繧薙〒縺・∪縺吶ゅョ繝ｼ繧ｿ縺ｮ謳榊､ｱ繧帝亟縺舌◆繧√↓縲√ヵ繧｡繧､繝ｫ繧・Unicode 蠖｢蠑上〒菫晏ｭ倥＠縺ｦ縺上□縺輔＞縲・[C:\Projrcts\They_Are_Here\src\TheyAreHere.vcxproj]
C:\Projrcts\They_Are_Here\src\Game.h(1,1): warning C4819: 繝輔ぃ繧､繝ｫ縺ｯ縲∫樟蝨ｨ縺ｮ繧ｳ繝ｼ繝・繝壹・繧ｸ (932) 縺ｧ陦ｨ遉ｺ縺ｧ縺阪↑縺・枚蟄励ｒ蜷ｫ繧薙〒縺・∪縺吶ゅョ繝ｼ繧ｿ縺ｮ謳榊､ｱ繧帝亟縺舌◆繧√↓縲√ヵ繧｡繧､繝ｫ繧・Unicode 蠖｢蠑上〒菫晏ｭ倥＠縺ｦ縺上□縺輔＞縲・[C:\Projrcts\They_Are_Here\src\TheyAreHere.vcxproj]
C:\Projrcts\They_Are_Here\src\GoalKey.cpp(1,1): warning C4819: 繝輔ぃ繧､繝ｫ縺ｯ縲∫樟蝨ｨ縺ｮ繧ｳ繝ｼ繝・繝壹・繧ｸ (932) 縺ｧ陦ｨ遉ｺ縺ｧ縺阪↑縺・枚蟄励ｒ蜷ｫ繧薙〒縺・∪縺吶ゅョ繝ｼ繧ｿ縺ｮ謳榊､ｱ繧帝亟縺舌◆繧√↓縲√ヵ繧｡繧､繝ｫ繧・Unicode 蠖｢蠑上〒菫晏ｭ倥＠縺ｦ縺上□縺輔＞縲・[C:\Projrcts\They_Are_Here\src\TheyAreHere.vcxproj]
C:\Projrcts\They_Are_Here\src\SceneManager.h(1,1): warning C4819: 繝輔ぃ繧､繝ｫ縺ｯ縲∫樟蝨ｨ縺ｮ繧ｳ繝ｼ繝・繝壹・繧ｸ (932) 縺ｧ陦ｨ遉ｺ縺ｧ縺阪↑縺・枚蟄励ｒ蜷ｫ繧薙〒縺・∪縺吶ゅョ繝ｼ繧ｿ縺ｮ謳榊､ｱ繧帝亟縺舌◆繧√↓縲√ヵ繧｡繧､繝ｫ繧・Unicode 蠖｢蠑上〒菫晏ｭ倥＠縺ｦ縺上□縺輔＞縲・[C:\Projrcts\They_Are_Here\src\TheyAreHere.vcxproj]
C:\Projrcts\They_Are_Here\src\InvisibleItem.cpp(1,1): warning C4819: 繝輔ぃ繧､繝ｫ縺ｯ縲∫樟蝨ｨ縺ｮ繧ｳ繝ｼ繝・繝壹・繧ｸ (932) 縺ｧ陦ｨ遉ｺ縺ｧ縺阪↑縺・枚蟄励ｒ蜷ｫ繧薙〒縺・∪縺吶ゅョ繝ｼ繧ｿ縺ｮ謳榊､ｱ繧帝亟縺舌◆繧√↓縲√ヵ繧｡繧､繝ｫ繧・Unicode 蠖｢蠑上〒菫晏ｭ倥＠縺ｦ縺上□縺輔＞縲・[C:\Projrcts\They_Are_Here\src\TheyAreHere.vcxproj]
C:\Projrcts\They_Are_Here\src\SceneManager.h(1,1): warning C4819: 繝輔ぃ繧､繝ｫ縺ｯ縲∫樟蝨ｨ縺ｮ繧ｳ繝ｼ繝・繝壹・繧ｸ (932) 縺ｧ陦ｨ遉ｺ縺ｧ縺阪↑縺・枚蟄励ｒ蜷ｫ繧薙〒縺・∪縺吶ゅョ繝ｼ繧ｿ縺ｮ謳榊､ｱ繧帝亟縺舌◆繧√↓縲√ヵ繧｡繧､繝ｫ繧・Unicode 蠖｢蠑上〒菫晏ｭ倥＠縺ｦ縺上□縺輔＞縲・[C:\Projrcts\They_Are_Here\src\TheyAreHere.vcxproj]
C:\Projrcts\They_Are_Here\src\MiniMap.cpp(1,1): warning C4819: 繝輔ぃ繧､繝ｫ縺ｯ縲∫樟蝨ｨ縺ｮ繧ｳ繝ｼ繝・繝壹・繧ｸ (932) 縺ｧ陦ｨ遉ｺ縺ｧ縺阪↑縺・枚蟄励ｒ蜷ｫ繧薙〒縺・∪縺吶ゅョ繝ｼ繧ｿ縺ｮ謳榊､ｱ繧帝亟縺舌◆繧√↓縲√ヵ繧｡繧､繝ｫ繧・Unicode 蠖｢蠑上〒菫晏ｭ倥＠縺ｦ縺上□縺輔＞縲・[C:\Projrcts\They_Are_Here\src\TheyAreHere.vcxproj]
C:\Projrcts\They_Are_Here\src\SceneManager.h(1,1): warning C4819: 繝輔ぃ繧､繝ｫ縺ｯ縲∫樟蝨ｨ縺ｮ繧ｳ繝ｼ繝・繝壹・繧ｸ (932) 縺ｧ陦ｨ遉ｺ縺ｧ縺阪↑縺・枚蟄励ｒ蜷ｫ繧薙〒縺・∪縺吶ゅョ繝ｼ繧ｿ縺ｮ謳榊､ｱ繧帝亟縺舌◆繧√↓縲√ヵ繧｡繧､繝ｫ繧・Unicode 蠖｢蠑上〒菫晏ｭ倥＠縺ｦ縺上□縺輔＞縲・[C:\Projrcts\They_Are_Here\src\TheyAreHere.vcxproj]
C:\Projrcts\They_Are_Here\src\SceneManager.h(1,1): warning C4819: 繝輔ぃ繧､繝ｫ縺ｯ縲∫樟蝨ｨ縺ｮ繧ｳ繝ｼ繝・繝壹・繧ｸ (932) 縺ｧ陦ｨ遉ｺ縺ｧ縺阪↑縺・枚蟄励ｒ蜷ｫ繧薙〒縺・∪縺吶ゅョ繝ｼ繧ｿ縺ｮ謳榊､ｱ繧帝亟縺舌◆繧√↓縲√ヵ繧｡繧､繝ｫ繧・Unicode 蠖｢蠑上〒菫晏ｭ倥＠縺ｦ縺上□縺輔＞縲・[C:\Projrcts\They_Are_Here\src\TheyAreHere.vcxproj]
C:\Projrcts\They_Are_Here\src\SceneManager.h(1,1): warning C4819: 繝輔ぃ繧､繝ｫ縺ｯ縲∫樟蝨ｨ縺ｮ繧ｳ繝ｼ繝・繝壹・繧ｸ (932) 縺ｧ陦ｨ遉ｺ縺ｧ縺阪↑縺・枚蟄励ｒ蜷ｫ繧薙〒縺・∪縺吶ゅョ繝ｼ繧ｿ縺ｮ謳榊､ｱ繧帝亟縺舌◆繧√↓縲√ヵ繧｡繧､繝ｫ繧・Unicode 蠖｢蠑上〒菫晏ｭ倥＠縺ｦ縺上□縺輔＞縲・[C:\Projrcts\They_Are_Here\src\TheyAreHere.vcxproj]
C:\Projrcts\They_Are_Here\src\Player.cpp(1,1): warning C4819: 繝輔ぃ繧､繝ｫ縺ｯ縲∫樟蝨ｨ縺ｮ繧ｳ繝ｼ繝・繝壹・繧ｸ (932) 縺ｧ陦ｨ遉ｺ縺ｧ縺阪↑縺・枚蟄励ｒ蜷ｫ繧薙〒縺・∪縺吶ゅョ繝ｼ繧ｿ縺ｮ謳榊､ｱ繧帝亟縺舌◆繧√↓縲√ヵ繧｡繧､繝ｫ繧・Unicode 蠖｢蠑上〒菫晏ｭ倥＠縺ｦ縺上□縺輔＞縲・[C:\Projrcts\They_Are_Here\src\TheyAreHere.vcxproj]
C:\Projrcts\They_Are_Here\src\SceneManager.h(1,1): warning C4819: 繝輔ぃ繧､繝ｫ縺ｯ縲∫樟蝨ｨ縺ｮ繧ｳ繝ｼ繝・繝壹・繧ｸ (932) 縺ｧ陦ｨ遉ｺ縺ｧ縺阪↑縺・枚蟄励ｒ蜷ｫ繧薙〒縺・∪縺吶ゅョ繝ｼ繧ｿ縺ｮ謳榊､ｱ繧帝亟縺舌◆繧√↓縲√ヵ繧｡繧､繝ｫ繧・Unicode 蠖｢蠑上〒菫晏ｭ倥＠縺ｦ縺上□縺輔＞縲・[C:\Projrcts\They_Are_Here\src\TheyAreHere.vcxproj]
C:\Projrcts\They_Are_Here\src\SceneManager.h(1,1): warning C4819: 繝輔ぃ繧､繝ｫ縺ｯ縲∫樟蝨ｨ縺ｮ繧ｳ繝ｼ繝・繝壹・繧ｸ (932) 縺ｧ陦ｨ遉ｺ縺ｧ縺阪↑縺・枚蟄励ｒ蜷ｫ繧薙〒縺・∪縺吶ゅョ繝ｼ繧ｿ縺ｮ謳榊､ｱ繧帝亟縺舌◆繧√↓縲√ヵ繧｡繧､繝ｫ繧・Unicode 蠖｢蠑上〒菫晏ｭ倥＠縺ｦ縺上□縺輔＞縲・[C:\Projrcts\They_Are_Here\src\TheyAreHere.vcxproj]
C:\Projrcts\They_Are_Here\src\SceneBase.cpp(1,1): warning C4819: 繝輔ぃ繧､繝ｫ縺ｯ縲∫樟蝨ｨ縺ｮ繧ｳ繝ｼ繝・繝壹・繧ｸ (932) 縺ｧ陦ｨ遉ｺ縺ｧ縺阪↑縺・枚蟄励ｒ蜷ｫ繧薙〒縺・∪縺吶ゅョ繝ｼ繧ｿ縺ｮ謳榊､ｱ繧帝亟縺舌◆繧√↓縲√ヵ繧｡繧､繝ｫ繧・Unicode 蠖｢蠑上〒菫晏ｭ倥＠縺ｦ縺上□縺輔＞縲・[C:\Projrcts\They_Are_Here\src\TheyAreHere.vcxproj]
C:\Projrcts\They_Are_Here\src\Game.h(1,1): warning C4819: 繝輔ぃ繧､繝ｫ縺ｯ縲∫樟蝨ｨ縺ｮ繧ｳ繝ｼ繝・繝壹・繧ｸ (932) 縺ｧ陦ｨ遉ｺ縺ｧ縺阪↑縺・枚蟄励ｒ蜷ｫ繧薙〒縺・∪縺吶ゅョ繝ｼ繧ｿ縺ｮ謳榊､ｱ繧帝亟縺舌◆繧√↓縲√ヵ繧｡繧､繝ｫ繧・Unicode 蠖｢蠑上〒菫晏ｭ倥＠縺ｦ縺上□縺輔＞縲・[C:\Projrcts\They_Are_Here\src\TheyAreHere.vcxproj]
C:\Projrcts\They_Are_Here\src\SceneManager.h(1,1): warning C4819: 繝輔ぃ繧､繝ｫ縺ｯ縲∫樟蝨ｨ縺ｮ繧ｳ繝ｼ繝・繝壹・繧ｸ (932) 縺ｧ陦ｨ遉ｺ縺ｧ縺阪↑縺・枚蟄励ｒ蜷ｫ繧薙〒縺・∪縺吶ゅョ繝ｼ繧ｿ縺ｮ謳榊､ｱ繧帝亟縺舌◆繧√↓縲√ヵ繧｡繧､繝ｫ繧・Unicode 蠖｢蠑上〒菫晏ｭ倥＠縺ｦ縺上□縺輔＞縲・[C:\Projrcts\They_Are_Here\src\TheyAreHere.vcxproj]
C:\Projrcts\They_Are_Here\src\SceneManager.h(1,1): warning C4819: 繝輔ぃ繧､繝ｫ縺ｯ縲∫樟蝨ｨ縺ｮ繧ｳ繝ｼ繝・繝壹・繧ｸ (932) 縺ｧ陦ｨ遉ｺ縺ｧ縺阪↑縺・枚蟄励ｒ蜷ｫ繧薙〒縺・∪縺吶ゅョ繝ｼ繧ｿ縺ｮ謳榊､ｱ繧帝亟縺舌◆繧√↓縲√ヵ繧｡繧､繝ｫ繧・Unicode 蠖｢蠑上〒菫晏ｭ倥＠縺ｦ縺上□縺輔＞縲・[C:\Projrcts\They_Are_Here\src\TheyAreHere.vcxproj]
C:\Projrcts\They_Are_Here\src\Game.h(1,1): warning C4819: 繝輔ぃ繧､繝ｫ縺ｯ縲∫樟蝨ｨ縺ｮ繧ｳ繝ｼ繝・繝壹・繧ｸ (932) 縺ｧ陦ｨ遉ｺ縺ｧ縺阪↑縺・枚蟄励ｒ蜷ｫ繧薙〒縺・∪縺吶ゅョ繝ｼ繧ｿ縺ｮ謳榊､ｱ繧帝亟縺舌◆繧√↓縲√ヵ繧｡繧､繝ｫ繧・Unicode 蠖｢蠑上〒菫晏ｭ倥＠縺ｦ縺上□縺輔＞縲・[C:\Projrcts\They_Are_Here\src\TheyAreHere.vcxproj]
C:\Projrcts\They_Are_Here\src\MiniMap.cpp(325,6): error C2653: 'Input': 隴伜挨蟄舌′繧ｯ繝ｩ繧ｹ蜷阪〒繧ょ錐蜑咲ｩｺ髢灘錐縺ｧ繧ゅ≠繧翫∪縺帙ｓ縲・[C:\Projrcts\They_Are_Here\src\TheyAreHere.vcxproj]
C:\Projrcts\They_Are_Here\src\MiniMap.cpp(325,13): error C3861: 'GetKeyPress': 隴伜挨蟄舌′隕九▽縺九ｊ縺ｾ縺帙ｓ縺ｧ縺励◆ [C:\Projrcts\They_Are_Here\src\TheyAreHere.vcxproj]
C:\Projrcts\They_Are_Here\src\MiniMap.cpp(331,15): error C2653: 'Input': 隴伜挨蟄舌′繧ｯ繝ｩ繧ｹ蜷阪〒繧ょ錐蜑咲ｩｺ髢灘錐縺ｧ繧ゅ≠繧翫∪縺帙ｓ縲・[C:\Projrcts\They_Are_Here\src\TheyAreHere.vcxproj]
C:\Projrcts\They_Are_Here\src\MiniMap.cpp(331,22): error C3861: 'GetKeyPress': 隴伜挨蟄舌′隕九▽縺九ｊ縺ｾ縺帙ｓ縺ｧ縺励◆ [C:\Projrcts\They_Are_Here\src\TheyAreHere.vcxproj]
C:\Projrcts\They_Are_Here\src\Game.h(1,1): warning C4819: 繝輔ぃ繧､繝ｫ縺ｯ縲∫樟蝨ｨ縺ｮ繧ｳ繝ｼ繝・繝壹・繧ｸ (932) 縺ｧ陦ｨ遉ｺ縺ｧ縺阪↑縺・枚蟄励ｒ蜷ｫ繧薙〒縺・∪縺吶ゅョ繝ｼ繧ｿ縺ｮ謳榊､ｱ繧帝亟縺舌◆繧√↓縲√ヵ繧｡繧､繝ｫ繧・Unicode 蠖｢蠑上〒菫晏ｭ倥＠縺ｦ縺上□縺輔＞縲・[C:\Projrcts\They_Are_Here\src\TheyAreHere.vcxproj]
C:\Projrcts\They_Are_Here\src\Enemy.cpp(133,26): warning C4101: 'e': 繝ｭ繝ｼ繧ｫ繝ｫ螟画焚縺ｯ 1 蠎ｦ繧ゆｽｿ繧上ｌ縺ｦ縺・∪縺帙ｓ縲・[C:\Projrcts\They_Are_Here\src\TheyAreHere.vcxproj]
C:\Projrcts\They_Are_Here\src\SpeedUpItem.cpp(1,1): warning C4819: 繝輔ぃ繧､繝ｫ縺ｯ縲∫樟蝨ｨ縺ｮ繧ｳ繝ｼ繝・繝壹・繧ｸ (932) 縺ｧ陦ｨ遉ｺ縺ｧ縺阪↑縺・枚蟄励ｒ蜷ｫ繧薙〒縺・∪縺吶ゅョ繝ｼ繧ｿ縺ｮ謳榊､ｱ繧帝亟縺舌◆繧√↓縲√ヵ繧｡繧､繝ｫ繧・Unicode 蠖｢蠑上〒菫晏ｭ倥＠縺ｦ縺上□縺輔＞縲・[C:\Projrcts\They_Are_Here\src\TheyAreHere.vcxproj]
C:\Projrcts\They_Are_Here\src\Game.h(1,1): warning C4819: 繝輔ぃ繧､繝ｫ縺ｯ縲∫樟蝨ｨ縺ｮ繧ｳ繝ｼ繝・繝壹・繧ｸ (932) 縺ｧ陦ｨ遉ｺ縺ｧ縺阪↑縺・枚蟄励ｒ蜷ｫ繧薙〒縺・∪縺吶ゅョ繝ｼ繧ｿ縺ｮ謳榊､ｱ繧帝亟縺舌◆繧√↓縲√ヵ繧｡繧､繝ｫ繧・Unicode 蠖｢蠑上〒菫晏ｭ倥＠縺ｦ縺上□縺輔＞縲・[C:\Projrcts\They_Are_Here\src\TheyAreHere.vcxproj]
C:\Projrcts\They_Are_Here\src\SceneManager.h(1,1): warning C4819: 繝輔ぃ繧､繝ｫ縺ｯ縲∫樟蝨ｨ縺ｮ繧ｳ繝ｼ繝・繝壹・繧ｸ (932) 縺ｧ陦ｨ遉ｺ縺ｧ縺阪↑縺・枚蟄励ｒ蜷ｫ繧薙〒縺・∪縺吶ゅョ繝ｼ繧ｿ縺ｮ謳榊､ｱ繧帝亟縺舌◆繧√↓縲√ヵ繧｡繧､繝ｫ繧・Unicode 蠖｢蠑上〒菫晏ｭ倥＠縺ｦ縺上□縺輔＞縲・[C:\Projrcts\They_Are_Here\src\TheyAreHere.vcxproj]
C:\Projrcts\They_Are_Here\src\SceneManager.h(1,1): warning C4819: 繝輔ぃ繧､繝ｫ縺ｯ縲∫樟蝨ｨ縺ｮ繧ｳ繝ｼ繝・繝壹・繧ｸ (932) 縺ｧ陦ｨ遉ｺ縺ｧ縺阪↑縺・枚蟄励ｒ蜷ｫ繧薙〒縺・∪縺吶ゅョ繝ｼ繧ｿ縺ｮ謳榊､ｱ繧帝亟縺舌◆繧√↓縲√ヵ繧｡繧､繝ｫ繧・Unicode 蠖｢蠑上〒菫晏ｭ倥＠縺ｦ縺上□縺輔＞縲・[C:\Projrcts\They_Are_Here\src\TheyAreHere.vcxproj]
C:\Projrcts\They_Are_Here\src\Game.h(1,1): warning C4819: 繝輔ぃ繧､繝ｫ縺ｯ縲∫樟蝨ｨ縺ｮ繧ｳ繝ｼ繝・繝壹・繧ｸ (932) 縺ｧ陦ｨ遉ｺ縺ｧ縺阪↑縺・枚蟄励ｒ蜷ｫ繧薙〒縺・∪縺吶ゅョ繝ｼ繧ｿ縺ｮ謳榊､ｱ繧帝亟縺舌◆繧√↓縲√ヵ繧｡繧､繝ｫ繧・Unicode 蠖｢蠑上〒菫晏ｭ倥＠縺ｦ縺上□縺輔＞縲・[C:\Projrcts\They_Are_Here\src\TheyAreHere.vcxproj]
C:\Projrcts\They_Are_Here\src\SceneManager.h(1,1): warning C4819: 繝輔ぃ繧､繝ｫ縺ｯ縲∫樟蝨ｨ縺ｮ繧ｳ繝ｼ繝・繝壹・繧ｸ (932) 縺ｧ陦ｨ遉ｺ縺ｧ縺阪↑縺・枚蟄励ｒ蜷ｫ繧薙〒縺・∪縺吶ゅョ繝ｼ繧ｿ縺ｮ謳榊､ｱ繧帝亟縺舌◆繧√↓縲√ヵ繧｡繧､繝ｫ繧・Unicode 蠖｢蠑上〒菫晏ｭ倥＠縺ｦ縺上□縺輔＞縲・[C:\Projrcts\They_Are_Here\src\TheyAreHere.vcxproj]
C:\Projrcts\They_Are_Here\src\Game.h(1,1): warning C4819: 繝輔ぃ繧､繝ｫ縺ｯ縲∫樟蝨ｨ縺ｮ繧ｳ繝ｼ繝・繝壹・繧ｸ (932) 縺ｧ陦ｨ遉ｺ縺ｧ縺阪↑縺・枚蟄励ｒ蜷ｫ繧薙〒縺・∪縺吶ゅョ繝ｼ繧ｿ縺ｮ謳榊､ｱ繧帝亟縺舌◆繧√↓縲√ヵ繧｡繧､繝ｫ繧・Unicode 蠖｢蠑上〒菫晏ｭ倥＠縺ｦ縺上□縺輔＞縲・[C:\Projrcts\They_Are_Here\src\TheyAreHere.vcxproj]
C:\Projrcts\They_Are_Here\src\Game.h(1,1): warning C4819: 繝輔ぃ繧､繝ｫ縺ｯ縲∫樟蝨ｨ縺ｮ繧ｳ繝ｼ繝・繝壹・繧ｸ (932) 縺ｧ陦ｨ遉ｺ縺ｧ縺阪↑縺・枚蟄励ｒ蜷ｫ繧薙〒縺・∪縺吶ゅョ繝ｼ繧ｿ縺ｮ謳榊､ｱ繧帝亟縺舌◆繧√↓縲√ヵ繧｡繧､繝ｫ繧・Unicode 蠖｢蠑上〒菫晏ｭ倥＠縺ｦ縺上□縺輔＞縲・[C:\Projrcts\They_Are_Here\src\TheyAreHere.vcxproj]
C:\Projrcts\They_Are_Here\src\SceneManager.h(1,1): warning C4819: 繝輔ぃ繧､繝ｫ縺ｯ縲∫樟蝨ｨ縺ｮ繧ｳ繝ｼ繝・繝壹・繧ｸ (932) 縺ｧ陦ｨ遉ｺ縺ｧ縺阪↑縺・枚蟄励ｒ蜷ｫ繧薙〒縺・∪縺吶ゅョ繝ｼ繧ｿ縺ｮ謳榊､ｱ繧帝亟縺舌◆繧√↓縲√ヵ繧｡繧､繝ｫ繧・Unicode 蠖｢蠑上〒菫晏ｭ倥＠縺ｦ縺上□縺輔＞縲・[C:\Projrcts\They_Are_Here\src\TheyAreHere.vcxproj]
